// Jest Snapshot v1, https://goo.gl/fbAQLP

exports[`should render as snapshot 1`] = `
<DocumentFragment>
  <div
    class="card"
  >
    <div
      class="card-header d-flex justify-content-between align-items-center"
      data-testid="user"
    >
      john.doe@example.org
      <button
        class="btn btn-link text-danger"
        data-testid="delete-btn"
      >
        <i
          class="fa fa-times"
        />
      </button>
    </div>
    <div
      class="card-body"
    >
      <p
        data-testid="message"
      >
        test message
      </p>
    </div>
    <div
      class="card-footer text-muted"
      data-testid="created-at"
    >
      Fri Jul 19 2019
    </div>
  </div>
</DocumentFragment>
`;
